--- Executing blocking command at Thu Jul 16 19:18:17 2026 ---
> . "/Users/shreyasdivekar/.eigent/user_39925/spaces/space_7b703f774aeb4b22b14a4ead9081f3a1/projects/1784200136453-6949/runs/1784209667602-8236/single_agent/.venv/bin/activate" && cd '/Users/shreyasdivekar/Documents/ai-based miltary intelleigence' && printf '%s\n' '--- files ---' && find . -maxdepth 2 -type f | sort | head -200 && printf '%s\n' '--- python ---' && which python3 && python3 --version && printf '%s\n' '--- requirements ---' && for f in requirements.txt pyproject.toml Pipfile environment.yml; do if [ -f "$f" ]; then echo "### $f"; cat "$f"; fi; done
--- Output ---
--- files ---
./.DS_Store
./.editorconfig
./.streamlit/config.toml
./.todo.json
./Implementation_Plan.md
./README.md
./__pycache__/app.cpython-314.pyc
./__pycache__/create_dummy_data.cpython-314.pyc
./__pycache__/train_attack_model.cpython-314.pyc
./app.py
./assets/style.css
./create_dummy_data.py
./data/globalterrorism.csv
./files (2)/2___Hotspot_Detection.py
./files (2)/6___Hotspot_Forecasting.py
./files (2)/hotspot_utils.py
./models/attack_prediction_model.pkl
./models/cat_imputer.pkl
./models/feature_encoders.pkl
./models/num_imputer.pkl
./models/target_encoder.pkl
./models/target_feature_encoder.pkl
./pages/1_🏠 Home.py
./pages/2_🌍 Global_Threat_Map.py
./pages/2_🎯_Hotspot_Detection.py
./pages/3_🌎Country_Analysis.py
./pages/4_🤖 Attack_Prediction.py
./pages/5_🚨Threat_Level.py
./pages/6_📈Forecasting.py
./pages/7_🧠 AI_Intelligence.py
./pages/8_📊Data_Explorer.py
./pages/9_⚙ Setting.py
./path/.DS_Store
./requirements.txt
./tests/test_hotspot_utils.py
./todo.md
./train_attack_model.py
./utils/data_loader.py
./utils/hotspot_utils.py
./utils/tsi.py
./venv/.gitignore
./venv/pyvenv.cfg
--- python ---
/usr/bin/python3
Python 3.9.6
--- requirements ---
### requirements.txt
streamlit>=1.32
pandas>=2.0
numpy>=1.24
scikit-learn>=1.3
statsmodels>=0.14
plotly>=5.18
pydeck>=0.8
duckdb>=0.10
scipy>=1.10
joblib>=1.3
google-genai>=1.0



--- Executing blocking command at Thu Jul 16 19:18:17 2026 ---
> . "/Users/shreyasdivekar/.eigent/user_39925/spaces/space_7b703f774aeb4b22b14a4ead9081f3a1/projects/1784200136453-6949/runs/1784209667602-8236/single_agent/.venv/bin/activate" && cd '/Users/shreyasdivekar/Documents/ai-based miltary intelleigence' && ps aux | grep -i '[s]treamlit' || true && find . -maxdepth 3 -type f \( -name '*.log' -o -name 'requirements*.txt' \) -print
--- Output ---
shreyasdivekar   56880   0.3  0.1 435471488  14928   ??  S     4:43PM   0:10.60 /opt/homebrew/Cellar/python@3.14/3.14.4_1/Frameworks/Python.framework/Versions/3.14/Resources/Python.app/Contents/MacOS/Python ./venv/bin/streamlit run app.py --server.headless true --server.port 8511 --browser.gatherUsageStats false
shreyasdivekar   46705   0.2  1.0 436692576 175632 s000  S+    4:00PM   0:29.88 /opt/homebrew/Cellar/python@3.14/3.14.4_1/Frameworks/Python.framework/Versions/3.14/Resources/Python.app/Contents/MacOS/Python /Users/shreyasdivekar/myenv/bin/streamlit run app.py
./requirements.txt
./terminal_logs/blocking_commands.log



--- Executing blocking command at Thu Jul 16 19:18:29 2026 ---
> . "/Users/shreyasdivekar/.eigent/user_39925/spaces/space_7b703f774aeb4b22b14a4ead9081f3a1/projects/1784200136453-6949/runs/1784209667602-8236/single_agent/.venv/bin/activate" && cd '/Users/shreyasdivekar/Documents/ai-based miltary intelleigence' && ./venv/bin/python --version && ./venv/bin/python -m pip --version && ./venv/bin/python -m pip check && ./venv/bin/python - <<'PY'
mods=['streamlit','pandas','numpy','sklearn','statsmodels','plotly','pydeck','duckdb','scipy','joblib','google.genai']
for m in mods:
    try:
        mod=__import__(m)
        print('OK',m,getattr(mod,'__version__',''))
    except Exception as e:
        print('FAIL',m,type(e).__name__,e)
PY
--- Output ---
Python 3.14.4
pip 26.1 from /Users/shreyasdivekar/Documents/ai-based miltary intelleigence/venv/lib/python3.14/site-packages/pip (python 3.14)
No broken requirements found.
OK streamlit 1.59.1
OK pandas 3.0.3
OK numpy 2.5.1
OK sklearn 1.9.0
OK statsmodels 0.14.6
OK plotly 6.9.0
OK pydeck 0.9.3
OK duckdb 1.5.4
OK scipy 1.18.0
OK joblib 1.5.3
OK google.genai 



--- Executing blocking command at Thu Jul 16 19:18:45 2026 ---
> . "/Users/shreyasdivekar/.eigent/user_39925/spaces/space_7b703f774aeb4b22b14a4ead9081f3a1/projects/1784200136453-6949/runs/1784209667602-8236/single_agent/.venv/bin/activate" && for p in 8501 8511; do echo "--- port $p ---"; curl -sS --max-time 3 -i "http://localhost:$p/_stcore/health" || true; echo; done
--- Output ---
--- port 8501 ---
HTTP/1.1 200 OK
date: Thu, 16 Jul 2026 13:48:44 GMT
server: uvicorn
content-length: 2
content-type: text/plain; charset=utf-8
cache-control: no-cache
set-cookie: _streamlit_xsrf=2|1e5d1efd|658eaf878ce8ce742ba697e31040563f|1784209725; Path=/; SameSite=Lax

ok
--- port 8511 ---
HTTP/1.1 200 OK
date: Thu, 16 Jul 2026 13:48:44 GMT
server: uvicorn
content-length: 2
content-type: text/plain; charset=utf-8
cache-control: no-cache
set-cookie: _streamlit_xsrf=2|52a9361a|3cd97b477a12f775918c96edf8494994|1784209725; Path=/; SameSite=Lax

ok



--- Executing blocking command at Thu Jul 16 19:18:45 2026 ---
> . "/Users/shreyasdivekar/.eigent/user_39925/spaces/space_7b703f774aeb4b22b14a4ead9081f3a1/projects/1784200136453-6949/runs/1784209667602-8236/single_agent/.venv/bin/activate" && cd '/Users/shreyasdivekar/Documents/ai-based miltary intelleigence' && tail -200 terminal_logs/blocking_commands.log 2>/dev/null || true; echo '--- listeners ---'; lsof -nP -iTCP -sTCP:LISTEN | grep -E 'Python|streamlit|:8501|:8511' || true
--- Output ---
--- Executing blocking command at Thu Jul 16 19:18:17 2026 ---
> . "/Users/shreyasdivekar/.eigent/user_39925/spaces/space_7b703f774aeb4b22b14a4ead9081f3a1/projects/1784200136453-6949/runs/1784209667602-8236/single_agent/.venv/bin/activate" && cd '/Users/shreyasdivekar/Documents/ai-based miltary intelleigence' && printf '%s\n' '--- files ---' && find . -maxdepth 2 -type f | sort | head -200 && printf '%s\n' '--- python ---' && which python3 && python3 --version && printf '%s\n' '--- requirements ---' && for f in requirements.txt pyproject.toml Pipfile environment.yml; do if [ -f "$f" ]; then echo "### $f"; cat "$f"; fi; done
--- Output ---
--- files ---
./.DS_Store
./.editorconfig
./.streamlit/config.toml
./.todo.json
./Implementation_Plan.md
./README.md
./__pycache__/app.cpython-314.pyc
./__pycache__/create_dummy_data.cpython-314.pyc
./__pycache__/train_attack_model.cpython-314.pyc
./app.py
./assets/style.css
./create_dummy_data.py
./data/globalterrorism.csv
./files (2)/2___Hotspot_Detection.py
./files (2)/6___Hotspot_Forecasting.py
./files (2)/hotspot_utils.py
./models/attack_prediction_model.pkl
./models/cat_imputer.pkl
./models/feature_encoders.pkl
./models/num_imputer.pkl
./models/target_encoder.pkl
./models/target_feature_encoder.pkl
./pages/1_🏠 Home.py
./pages/2_🌍 Global_Threat_Map.py
./pages/2_🎯_Hotspot_Detection.py
./pages/3_🌎Country_Analysis.py
./pages/4_🤖 Attack_Prediction.py
./pages/5_🚨Threat_Level.py
./pages/6_📈Forecasting.py
./pages/7_🧠 AI_Intelligence.py
./pages/8_📊Data_Explorer.py
./pages/9_⚙ Setting.py
./path/.DS_Store
./requirements.txt
./tests/test_hotspot_utils.py
./todo.md
./train_attack_model.py
./utils/data_loader.py
./utils/hotspot_utils.py
./utils/tsi.py
./venv/.gitignore
./venv/pyvenv.cfg
--- python ---
/usr/bin/python3
Python 3.9.6
--- requirements ---
### requirements.txt
streamlit>=1.32
pandas>=2.0
numpy>=1.24
scikit-learn>=1.3
statsmodels>=0.14
plotly>=5.18
pydeck>=0.8
duckdb>=0.10
scipy>=1.10
joblib>=1.3
google-genai>=1.0



--- Executing blocking command at Thu Jul 16 19:18:17 2026 ---
> . "/Users/shreyasdivekar/.eigent/user_39925/spaces/space_7b703f774aeb4b22b14a4ead9081f3a1/projects/1784200136453-6949/runs/1784209667602-8236/single_agent/.venv/bin/activate" && cd '/Users/shreyasdivekar/Documents/ai-based miltary intelleigence' && ps aux | grep -i '[s]treamlit' || true && find . -maxdepth 3 -type f \( -name '*.log' -o -name 'requirements*.txt' \) -print
--- Output ---
shreyasdivekar   56880   0.3  0.1 435471488  14928   ??  S     4:43PM   0:10.60 /opt/homebrew/Cellar/python@3.14/3.14.4_1/Frameworks/Python.framework/Versions/3.14/Resources/Python.app/Contents/MacOS/Python ./venv/bin/streamlit run app.py --server.headless true --server.port 8511 --browser.gatherUsageStats false
shreyasdivekar   46705   0.2  1.0 436692576 175632 s000  S+    4:00PM   0:29.88 /opt/homebrew/Cellar/python@3.14/3.14.4_1/Frameworks/Python.framework/Versions/3.14/Resources/Python.app/Contents/MacOS/Python /Users/shreyasdivekar/myenv/bin/streamlit run app.py
./requirements.txt
./terminal_logs/blocking_commands.log



--- Executing blocking command at Thu Jul 16 19:18:29 2026 ---
> . "/Users/shreyasdivekar/.eigent/user_39925/spaces/space_7b703f774aeb4b22b14a4ead9081f3a1/projects/1784200136453-6949/runs/1784209667602-8236/single_agent/.venv/bin/activate" && cd '/Users/shreyasdivekar/Documents/ai-based miltary intelleigence' && ./venv/bin/python --version && ./venv/bin/python -m pip --version && ./venv/bin/python -m pip check && ./venv/bin/python - <<'PY'
mods=['streamlit','pandas','numpy','sklearn','statsmodels','plotly','pydeck','duckdb','scipy','joblib','google.genai']
for m in mods:
    try:
        mod=__import__(m)
        print('OK',m,getattr(mod,'__version__',''))
    except Exception as e:
        print('FAIL',m,type(e).__name__,e)
PY
--- Output ---
Python 3.14.4
pip 26.1 from /Users/shreyasdivekar/Documents/ai-based miltary intelleigence/venv/lib/python3.14/site-packages/pip (python 3.14)
No broken requirements found.
OK streamlit 1.59.1
OK pandas 3.0.3
OK numpy 2.5.1
OK sklearn 1.9.0
OK statsmodels 0.14.6
OK plotly 6.9.0
OK pydeck 0.9.3
OK duckdb 1.5.4
OK scipy 1.18.0
OK joblib 1.5.3
OK google.genai 



--- Executing blocking command at Thu Jul 16 19:18:45 2026 ---
> . "/Users/shreyasdivekar/.eigent/user_39925/spaces/space_7b703f774aeb4b22b14a4ead9081f3a1/projects/1784200136453-6949/runs/1784209667602-8236/single_agent/.venv/bin/activate" && for p in 8501 8511; do echo "--- port $p ---"; curl -sS --max-time 3 -i "http://localhost:$p/_stcore/health" || true; echo; done
--- Output ---
--- port 8501 ---
HTTP/1.1 200 OK
date: Thu, 16 Jul 2026 13:48:44 GMT
server: uvicorn
content-length: 2
content-type: text/plain; charset=utf-8
cache-control: no-cache
set-cookie: _streamlit_xsrf=2|1e5d1efd|658eaf878ce8ce742ba697e31040563f|1784209725; Path=/; SameSite=Lax

ok
--- port 8511 ---
HTTP/1.1 200 OK
date: Thu, 16 Jul 2026 13:48:44 GMT
server: uvicorn
content-length: 2
content-type: text/plain; charset=utf-8
cache-control: no-cache
set-cookie: _streamlit_xsrf=2|52a9361a|3cd97b477a12f775918c96edf8494994|1784209725; Path=/; SameSite=Lax

ok



--- listeners ---
Python    46705 shreyasdivekar    6u  IPv6 0x7a757e6a121b6900      0t0  TCP *:8501 (LISTEN)
Python    56880 shreyasdivekar    6u  IPv6 0xe44e0f33c9972442      0t0  TCP *:8511 (LISTEN)



--- Executing blocking command at Thu Jul 16 19:19:01 2026 ---
> . "/Users/shreyasdivekar/.eigent/user_39925/spaces/space_7b703f774aeb4b22b14a4ead9081f3a1/projects/1784200136453-6949/runs/1784209667602-8236/single_agent/.venv/bin/activate" && cd '/Users/shreyasdivekar/Documents/ai-based miltary intelleigence' && ./venv/bin/python -m pip install -r requirements.txt
--- Output ---
Requirement already satisfied: streamlit>=1.32 in ./venv/lib/python3.14/site-packages (from -r requirements.txt (line 1)) (1.59.1)
Requirement already satisfied: pandas>=2.0 in ./venv/lib/python3.14/site-packages (from -r requirements.txt (line 2)) (3.0.3)
Requirement already satisfied: numpy>=1.24 in ./venv/lib/python3.14/site-packages (from -r requirements.txt (line 3)) (2.5.1)
Requirement already satisfied: scikit-learn>=1.3 in ./venv/lib/python3.14/site-packages (from -r requirements.txt (line 4)) (1.9.0)
Requirement already satisfied: statsmodels>=0.14 in ./venv/lib/python3.14/site-packages (from -r requirements.txt (line 5)) (0.14.6)
Requirement already satisfied: plotly>=5.18 in ./venv/lib/python3.14/site-packages (from -r requirements.txt (line 6)) (6.9.0)
Requirement already satisfied: pydeck>=0.8 in ./venv/lib/python3.14/site-packages (from -r requirements.txt (line 7)) (0.9.3)
Requirement already satisfied: duckdb>=0.10 in ./venv/lib/python3.14/site-packages (from -r requirements.txt (line 8)) (1.5.4)
Requirement already satisfied: scipy>=1.10 in ./venv/lib/python3.14/site-packages (from -r requirements.txt (line 9)) (1.18.0)
Requirement already satisfied: joblib>=1.3 in ./venv/lib/python3.14/site-packages (from -r requirements.txt (line 10)) (1.5.3)
Requirement already satisfied: google-genai>=1.0 in ./venv/lib/python3.14/site-packages (from -r requirements.txt (line 11)) (2.11.0)
Requirement already satisfied: altair!=5.4.0,!=5.4.1,<7,>=4.0 in ./venv/lib/python3.14/site-packages (from streamlit>=1.32->-r requirements.txt (line 1)) (6.2.2)
Requirement already satisfied: blinker<2,>=1.5.0 in ./venv/lib/python3.14/site-packages (from streamlit>=1.32->-r requirements.txt (line 1)) (1.9.0)
Requirement already satisfied: cachetools<8,>=5.5 in ./venv/lib/python3.14/site-packages (from streamlit>=1.32->-r requirements.txt (line 1)) (7.1.4)
Requirement already satisfied: click<9,>=7.0 in ./venv/lib/python3.14/site-packages (from streamlit>=1.32->-r requirements.txt (line 1)) (8.4.2)
Requirement already satisfied: gitpython!=3.1.19,<4,>=3.0.7 in ./venv/lib/python3.14/site-packages (from streamlit>=1.32->-r requirements.txt (line 1)) (3.1.51)
Requirement already satisfied: packaging>=20 in ./venv/lib/python3.14/site-packages (from streamlit>=1.32->-r requirements.txt (line 1)) (26.2)
Requirement already satisfied: pillow<13,>=7.1.0 in ./venv/lib/python3.14/site-packages (from streamlit>=1.32->-r requirements.txt (line 1)) (12.3.0)
Requirement already satisfied: protobuf<8,>=3.20 in ./venv/lib/python3.14/site-packages (from streamlit>=1.32->-r requirements.txt (line 1)) (7.35.1)
Requirement already satisfied: pyarrow>=7.0 in ./venv/lib/python3.14/site-packages (from streamlit>=1.32->-r requirements.txt (line 1)) (25.0.0)
Requirement already satisfied: requests<3,>=2.27 in ./venv/lib/python3.14/site-packages (from streamlit>=1.32->-r requirements.txt (line 1)) (2.34.2)
Requirement already satisfied: tenacity<10,>=8.1.0 in ./venv/lib/python3.14/site-packages (from streamlit>=1.32->-r requirements.txt (line 1)) (9.1.4)
Requirement already satisfied: toml<2,>=0.10.1 in ./venv/lib/python3.14/site-packages (from streamlit>=1.32->-r requirements.txt (line 1)) (0.10.2)
Requirement already satisfied: typing-extensions<5,>=4.10.0 in ./venv/lib/python3.14/site-packages (from streamlit>=1.32->-r requirements.txt (line 1)) (4.16.0)
Requirement already satisfied: starlette>=0.40.0 in ./venv/lib/python3.14/site-packages (from streamlit>=1.32->-r requirements.txt (line 1)) (1.3.1)
Requirement already satisfied: uvicorn>=0.30.0 in ./venv/lib/python3.14/site-packages (from streamlit>=1.32->-r requirements.txt (line 1)) (0.51.0)
Requirement already satisfied: httptools>=0.6.3 in ./venv/lib/python3.14/site-packages (from streamlit>=1.32->-r requirements.txt (line 1)) (0.8.0)
Requirement already satisfied: anyio>=4.0.0 in ./venv/lib/python3.14/site-packages (from streamlit>=1.32->-r requirements.txt (line 1)) (4.14.1)
Requirement already satisfied: python-multipart>=0.0.10 in ./venv/lib/python3.14/site-packages (from streamlit>=1.32->-r requirements.txt (line 1)) (0.0.32)
Requirement already satisfied: websockets>=12.0.0 in ./venv/lib/python3.14/site-packages (from streamlit>=1.32->-r requirements.txt (line 1)) (16.1)
Requirement already satisfied: itsdangerous>=2.1.2 in ./venv/lib/python3.14/site-packages (from streamlit>=1.32->-r requirements.txt (line 1)) (2.2.0)
Requirement already satisfied: python-dateutil>=2.8.2 in ./venv/lib/python3.14/site-packages (from pandas>=2.0->-r requirements.txt (line 2)) (2.9.0.post0)
Requirement already satisfied: jinja2>=2.10.1 in ./venv/lib/python3.14/site-packages (from pydeck>=0.8->-r requirements.txt (line 7)) (3.1.6)
Requirement already satisfied: jsonschema>=3.0 in ./venv/lib/python3.14/site-packages (from altair!=5.4.0,!=5.4.1,<7,>=4.0->streamlit>=1.32->-r requirements.txt (line 1)) (4.26.0)
Requirement already satisfied: narwhals>=2.4.0 in ./venv/lib/python3.14/site-packages (from altair!=5.4.0,!=5.4.1,<7,>=4.0->streamlit>=1.32->-r requirements.txt (line 1)) (2.23.0)
Requirement already satisfied: gitdb<5,>=4.0.1 in ./venv/lib/python3.14/site-packages (from gitpython!=3.1.19,<4,>=3.0.7->streamlit>=1.32->-r requirements.txt (line 1)) (4.0.12)
Requirement already satisfied: smmap<6,>=3.0.1 in ./venv/lib/python3.14/site-packages (from gitdb<5,>=4.0.1->gitpython!=3.1.19,<4,>=3.0.7->streamlit>=1.32->-r requirements.txt (line 1)) (5.0.3)
Requirement already satisfied: charset_normalizer<4,>=2 in ./venv/lib/python3.14/site-packages (from requests<3,>=2.27->streamlit>=1.32->-r requirements.txt (line 1)) (3.4.9)
Requirement already satisfied: idna<4,>=2.5 in ./venv/lib/python3.14/site-packages (from requests<3,>=2.27->streamlit>=1.32->-r requirements.txt (line 1)) (3.18)
Requirement already satisfied: urllib3<3,>=1.26 in ./venv/lib/python3.14/site-packages (from requests<3,>=2.27->streamlit>=1.32->-r requirements.txt (line 1)) (2.7.0)
Requirement already satisfied: certifi>=2023.5.7 in ./venv/lib/python3.14/site-packages (from requests<3,>=2.27->streamlit>=1.32->-r requirements.txt (line 1)) (2026.6.17)
Requirement already satisfied: threadpoolctl>=3.5.0 in ./venv/lib/python3.14/site-packages (from scikit-learn>=1.3->-r requirements.txt (line 4)) (3.6.0)
Requirement already satisfied: patsy>=0.5.6 in ./venv/lib/python3.14/site-packages (from statsmodels>=0.14->-r requirements.txt (line 5)) (1.0.2)
Requirement already satisfied: google-auth<3.0.0,>=2.48.1 in ./venv/lib/python3.14/site-packages (from google-auth[requests]<3.0.0,>=2.48.1->google-genai>=1.0->-r requirements.txt (line 11)) (2.55.2)
Requirement already satisfied: httpx<1.0.0,>=0.28.1 in ./venv/lib/python3.14/site-packages (from google-genai>=1.0->-r requirements.txt (line 11)) (0.28.1)
Requirement already satisfied: pydantic<3.0.0,>=2.12.5 in ./venv/lib/python3.14/site-packages (from google-genai>=1.0->-r requirements.txt (line 11)) (2.13.4)
Requirement already satisfied: distro<2,>=1.7.0 in ./venv/lib/python3.14/site-packages (from google-genai>=1.0->-r requirements.txt (line 11)) (1.9.0)
Requirement already satisfied: sniffio in ./venv/lib/python3.14/site-packages (from google-genai>=1.0->-r requirements.txt (line 11)) (1.3.1)
Requirement already satisfied: pyasn1-modules>=0.2.1 in ./venv/lib/python3.14/site-packages (from google-auth<3.0.0,>=2.48.1->google-auth[requests]<3.0.0,>=2.48.1->google-genai>=1.0->-r requirements.txt (line 11)) (0.4.2)
Requirement already satisfied: cryptography>=38.0.3 in ./venv/lib/python3.14/site-packages (from google-auth<3.0.0,>=2.48.1->google-auth[requests]<3.0.0,>=2.48.1->google-genai>=1.0->-r requirements.txt (line 11)) (49.0.0)
Requirement already satisfied: httpcore==1.* in ./venv/lib/python3.14/site-packages (from httpx<1.0.0,>=0.28.1->google-genai>=1.0->-r requirements.txt (line 11)) (1.0.9)
Requirement already satisfied: h11>=0.16 in ./venv/lib/python3.14/site-packages (from httpcore==1.*->httpx<1.0.0,>=0.28.1->google-genai>=1.0->-r requirements.txt (line 11)) (0.16.0)
Requirement already satisfied: annotated-types>=0.6.0 in ./venv/lib/python3.14/site-packages (from pydantic<3.0.0,>=2.12.5->google-genai>=1.0->-r requirements.txt (line 11)) (0.7.0)
Requirement already satisfied: pydantic-core==2.46.4 in ./venv/lib/python3.14/site-packages (from pydantic<3.0.0,>=2.12.5->google-genai>=1.0->-r requirements.txt (line 11)) (2.46.4)
Requirement already satisfied: typing-inspection>=0.4.2 in ./venv/lib/python3.14/site-packages (from pydantic<3.0.0,>=2.12.5->google-genai>=1.0->-r requirements.txt (line 11)) (0.4.2)
Requirement already satisfied: cffi>=2.0.0 in ./venv/lib/python3.14/site-packages (from cryptography>=38.0.3->google-auth<3.0.0,>=2.48.1->google-auth[requests]<3.0.0,>=2.48.1->google-genai>=1.0->-r requirements.txt (line 11)) (2.1.0)
Requirement already satisfied: pycparser in ./venv/lib/python3.14/site-packages (from cffi>=2.0.0->cryptography>=38.0.3->google-auth<3.0.0,>=2.48.1->google-auth[requests]<3.0.0,>=2.48.1->google-genai>=1.0->-r requirements.txt (line 11)) (3.0)
Requirement already satisfied: MarkupSafe>=2.0 in ./venv/lib/python3.14/site-packages (from jinja2>=2.10.1->pydeck>=0.8->-r requirements.txt (line 7)) (3.0.3)
Requirement already satisfied: attrs>=22.2.0 in ./venv/lib/python3.14/site-packages (from jsonschema>=3.0->altair!=5.4.0,!=5.4.1,<7,>=4.0->streamlit>=1.32->-r requirements.txt (line 1)) (26.1.0)
Requirement already satisfied: jsonschema-specifications>=2023.03.6 in ./venv/lib/python3.14/site-packages (from jsonschema>=3.0->altair!=5.4.0,!=5.4.1,<7,>=4.0->streamlit>=1.32->-r requirements.txt (line 1)) (2025.9.1)
Requirement already satisfied: referencing>=0.28.4 in ./venv/lib/python3.14/site-packages (from jsonschema>=3.0->altair!=5.4.0,!=5.4.1,<7,>=4.0->streamlit>=1.32->-r requirements.txt (line 1)) (0.37.0)
Requirement already satisfied: rpds-py>=0.25.0 in ./venv/lib/python3.14/site-packages (from jsonschema>=3.0->altair!=5.4.0,!=5.4.1,<7,>=4.0->streamlit>=1.32->-r requirements.txt (line 1)) (2026.6.3)
Requirement already satisfied: pyasn1<0.7.0,>=0.6.1 in ./venv/lib/python3.14/site-packages (from pyasn1-modules>=0.2.1->google-auth<3.0.0,>=2.48.1->google-auth[requests]<3.0.0,>=2.48.1->google-genai>=1.0->-r requirements.txt (line 11)) (0.6.4)
Requirement already satisfied: six>=1.5 in ./venv/lib/python3.14/site-packages (from python-dateutil>=2.8.2->pandas>=2.0->-r requirements.txt (line 2)) (1.17.0)

[notice] A new release of pip is available: 26.1 -> 26.1.2
[notice] To update, run: /Users/shreyasdivekar/Documents/ai-based miltary intelleigence/venv/bin/python -m pip install --upgrade pip



--- Executing blocking command at Thu Jul 16 19:19:04 2026 ---
> . "/Users/shreyasdivekar/.eigent/user_39925/spaces/space_7b703f774aeb4b22b14a4ead9081f3a1/projects/1784200136453-6949/runs/1784209667602-8236/single_agent/.venv/bin/activate" && cd '/Users/shreyasdivekar/Documents/ai-based miltary intelleigence' && /Users/shreyasdivekar/myenv/bin/python --version && /Users/shreyasdivekar/myenv/bin/python - <<'PY'
mods=['streamlit','pandas','numpy','sklearn','statsmodels','plotly','pydeck','duckdb','scipy','joblib','google.genai']
for m in mods:
 try:
  x=__import__(m); print('OK',m,getattr(x,'__version__',''))
 except Exception as e: print('FAIL',m,repr(e))
PY
--- Output ---
Python 3.14.4
OK streamlit 1.59.2
OK pandas 3.0.3
OK numpy 2.5.1
OK sklearn 1.9.0
OK statsmodels 0.14.6
OK plotly 6.9.0
OK pydeck 0.9.3
FAIL duckdb ModuleNotFoundError("No module named 'duckdb'")
OK scipy 1.18.0
OK joblib 1.5.3
FAIL google.genai ModuleNotFoundError("No module named 'google.genai'")



--- Executing blocking command at Thu Jul 16 19:19:26 2026 ---
> . "/Users/shreyasdivekar/.eigent/user_39925/spaces/space_7b703f774aeb4b22b14a4ead9081f3a1/projects/1784200136453-6949/runs/1784209667602-8236/single_agent/.venv/bin/activate" && cd '/Users/shreyasdivekar/Documents/ai-based miltary intelleigence' && /Users/shreyasdivekar/myenv/bin/python -m pip install -r requirements.txt && /Users/shreyasdivekar/myenv/bin/python -m pip check
--- Output ---
Requirement already satisfied: streamlit>=1.32 in /Users/shreyasdivekar/myenv/lib/python3.14/site-packages (from -r requirements.txt (line 1)) (1.59.2)
Requirement already satisfied: pandas>=2.0 in /Users/shreyasdivekar/myenv/lib/python3.14/site-packages (from -r requirements.txt (line 2)) (3.0.3)
Requirement already satisfied: numpy>=1.24 in /Users/shreyasdivekar/myenv/lib/python3.14/site-packages (from -r requirements.txt (line 3)) (2.5.1)
Requirement already satisfied: scikit-learn>=1.3 in /Users/shreyasdivekar/myenv/lib/python3.14/site-packages (from -r requirements.txt (line 4)) (1.9.0)
Requirement already satisfied: statsmodels>=0.14 in /Users/shreyasdivekar/myenv/lib/python3.14/site-packages (from -r requirements.txt (line 5)) (0.14.6)
Requirement already satisfied: plotly>=5.18 in /Users/shreyasdivekar/myenv/lib/python3.14/site-packages (from -r requirements.txt (line 6)) (6.9.0)
Requirement already satisfied: pydeck>=0.8 in /Users/shreyasdivekar/myenv/lib/python3.14/site-packages (from -r requirements.txt (line 7)) (0.9.3)
WARNING: Cache entry deserialization failed, entry ignored
Collecting duckdb>=0.10 (from -r requirements.txt (line 8))
  Using cached duckdb-1.5.4-cp314-cp314-macosx_11_0_arm64.whl.metadata (4.2 kB)
Requirement already satisfied: scipy>=1.10 in /Users/shreyasdivekar/myenv/lib/python3.14/site-packages (from -r requirements.txt (line 9)) (1.18.0)
Requirement already satisfied: joblib>=1.3 in /Users/shreyasdivekar/myenv/lib/python3.14/site-packages (from -r requirements.txt (line 10)) (1.5.3)
WARNING: Cache entry deserialization failed, entry ignored
Collecting google-genai>=1.0 (from -r requirements.txt (line 11))
  Downloading google_genai-2.12.0-py3-none-any.whl.metadata (55 kB)
Requirement already satisfied: altair!=5.4.0,!=5.4.1,<7,>=4.0 in /Users/shreyasdivekar/myenv/lib/python3.14/site-packages (from streamlit>=1.32->-r requirements.txt (line 1)) (6.2.2)
Requirement already satisfied: blinker<2,>=1.5.0 in /Users/shreyasdivekar/myenv/lib/python3.14/site-packages (from streamlit>=1.32->-r requirements.txt (line 1)) (1.9.0)
Requirement already satisfied: cachetools<8,>=5.5 in /Users/shreyasdivekar/myenv/lib/python3.14/site-packages (from streamlit>=1.32->-r requirements.txt (line 1)) (7.1.4)
Requirement already satisfied: click<9,>=7.0 in /Users/shreyasdivekar/myenv/lib/python3.14/site-packages (from streamlit>=1.32->-r requirements.txt (line 1)) (8.4.2)
Requirement already satisfied: gitpython!=3.1.19,<4,>=3.0.7 in /Users/shreyasdivekar/myenv/lib/python3.14/site-packages (from streamlit>=1.32->-r requirements.txt (line 1)) (3.1.52)
Requirement already satisfied: packaging>=20 in /Users/shreyasdivekar/myenv/lib/python3.14/site-packages (from streamlit>=1.32->-r requirements.txt (line 1)) (26.2)
Requirement already satisfied: pillow<13,>=7.1.0 in /Users/shreyasdivekar/myenv/lib/python3.14/site-packages (from streamlit>=1.32->-r requirements.txt (line 1)) (12.3.0)
Requirement already satisfied: protobuf<8,>=3.20 in /Users/shreyasdivekar/myenv/lib/python3.14/site-packages (from streamlit>=1.32->-r requirements.txt (line 1)) (7.35.1)
Requirement already satisfied: pyarrow<25,>=7.0 in /Users/shreyasdivekar/myenv/lib/python3.14/site-packages (from streamlit>=1.32->-r requirements.txt (line 1)) (24.0.0)
Requirement already satisfied: requests<3,>=2.27 in /Users/shreyasdivekar/myenv/lib/python3.14/site-packages (from streamlit>=1.32->-r requirements.txt (line 1)) (2.34.2)
Requirement already satisfied: tenacity<10,>=8.1.0 in /Users/shreyasdivekar/myenv/lib/python3.14/site-packages (from streamlit>=1.32->-r requirements.txt (line 1)) (9.1.4)
Requirement already satisfied: toml<2,>=0.10.1 in /Users/shreyasdivekar/myenv/lib/python3.14/site-packages (from streamlit>=1.32->-r requirements.txt (line 1)) (0.10.2)
Requirement already satisfied: typing-extensions<5,>=4.10.0 in /Users/shreyasdivekar/myenv/lib/python3.14/site-packages (from streamlit>=1.32->-r requirements.txt (line 1)) (4.16.0)
Requirement already satisfied: starlette>=0.40.0 in /Users/shreyasdivekar/myenv/lib/python3.14/site-packages (from streamlit>=1.32->-r requirements.txt (line 1)) (1.3.1)
Requirement already satisfied: uvicorn>=0.30.0 in /Users/shreyasdivekar/myenv/lib/python3.14/site-packages (from streamlit>=1.32->-r requirements.txt (line 1)) (0.51.0)
Requirement already satisfied: httptools>=0.6.3 in /Users/shreyasdivekar/myenv/lib/python3.14/site-packages (from streamlit>=1.32->-r requirements.txt (line 1)) (0.8.0)
Requirement already satisfied: anyio>=4.0.0 in /Users/shreyasdivekar/myenv/lib/python3.14/site-packages (from streamlit>=1.32->-r requirements.txt (line 1)) (4.14.2)
Requirement already satisfied: python-multipart>=0.0.10 in /Users/shreyasdivekar/myenv/lib/python3.14/site-packages (from streamlit>=1.32->-r requirements.txt (line 1)) (0.0.32)
Requirement already satisfied: websockets>=12.0.0 in /Users/shreyasdivekar/myenv/lib/python3.14/site-packages (from streamlit>=1.32->-r requirements.txt (line 1)) (16.1)
Requirement already satisfied: itsdangerous>=2.1.2 in /Users/shreyasdivekar/myenv/lib/python3.14/site-packages (from streamlit>=1.32->-r requirements.txt (line 1)) (2.2.0)
Requirement already satisfied: python-dateutil>=2.8.2 in /Users/shreyasdivekar/myenv/lib/python3.14/site-packages (from pandas>=2.0->-r requirements.txt (line 2)) (2.9.0.post0)
Requirement already satisfied: jinja2>=2.10.1 in /Users/shreyasdivekar/myenv/lib/python3.14/site-packages (from pydeck>=0.8->-r requirements.txt (line 7)) (3.1.6)
Requirement already satisfied: jsonschema>=3.0 in /Users/shreyasdivekar/myenv/lib/python3.14/site-packages (from altair!=5.4.0,!=5.4.1,<7,>=4.0->streamlit>=1.32->-r requirements.txt (line 1)) (4.26.0)
Requirement already satisfied: narwhals>=2.4.0 in /Users/shreyasdivekar/myenv/lib/python3.14/site-packages (from altair!=5.4.0,!=5.4.1,<7,>=4.0->streamlit>=1.32->-r requirements.txt (line 1)) (2.24.0)
Requirement already satisfied: gitdb<5,>=4.0.1 in /Users/shreyasdivekar/myenv/lib/python3.14/site-packages (from gitpython!=3.1.19,<4,>=3.0.7->streamlit>=1.32->-r requirements.txt (line 1)) (4.0.12)
Requirement already satisfied: smmap<6,>=3.0.1 in /Users/shreyasdivekar/myenv/lib/python3.14/site-packages (from gitdb<5,>=4.0.1->gitpython!=3.1.19,<4,>=3.0.7->streamlit>=1.32->-r requirements.txt (line 1)) (5.0.3)
Requirement already satisfied: charset_normalizer<4,>=2 in /Users/shreyasdivekar/myenv/lib/python3.14/site-packages (from requests<3,>=2.27->streamlit>=1.32->-r requirements.txt (line 1)) (3.4.9)
Requirement already satisfied: idna<4,>=2.5 in /Users/shreyasdivekar/myenv/lib/python3.14/site-packages (from requests<3,>=2.27->streamlit>=1.32->-r requirements.txt (line 1)) (3.18)
Requirement already satisfied: urllib3<3,>=1.26 in /Users/shreyasdivekar/myenv/lib/python3.14/site-packages (from requests<3,>=2.27->streamlit>=1.32->-r requirements.txt (line 1)) (2.7.0)
Requirement already satisfied: certifi>=2023.5.7 in /Users/shreyasdivekar/myenv/lib/python3.14/site-packages (from requests<3,>=2.27->streamlit>=1.32->-r requirements.txt (line 1)) (2026.6.17)
Requirement already satisfied: threadpoolctl>=3.5.0 in /Users/shreyasdivekar/myenv/lib/python3.14/site-packages (from scikit-learn>=1.3->-r requirements.txt (line 4)) (3.6.0)
Requirement already satisfied: patsy>=0.5.6 in /Users/shreyasdivekar/myenv/lib/python3.14/site-packages (from statsmodels>=0.14->-r requirements.txt (line 5)) (1.0.2)
WARNING: Cache entry deserialization failed, entry ignored
Collecting google-auth<2.56.0,>=2.48.1 (from google-auth[requests]<2.56.0,>=2.48.1->google-genai>=1.0->-r requirements.txt (line 11))
  Using cached google_auth-2.55.2-py3-none-any.whl.metadata (5.2 kB)
WARNING: Cache entry deserialization failed, entry ignored
Collecting httpx<1.0.0,>=0.28.1 (from google-genai>=1.0->-r requirements.txt (line 11))
  Using cached httpx-0.28.1-py3-none-any.whl.metadata (7.1 kB)
WARNING: Cache entry deserialization failed, entry ignored
Collecting pydantic<3.0.0,>=2.12.5 (from google-genai>=1.0->-r requirements.txt (line 11))
  Using cached pydantic-2.13.4-py3-none-any.whl.metadata (109 kB)
WARNING: Cache entry deserialization failed, entry ignored
Collecting distro<2,>=1.7.0 (from google-genai>=1.0->-r requirements.txt (line 11))
  Using cached distro-1.9.0-py3-none-any.whl.metadata (6.8 kB)
WARNING: Cache entry deserialization failed, entry ignored
Collecting sniffio (from google-genai>=1.0->-r requirements.txt (line 11))
  Using cached sniffio-1.3.1-py3-none-any.whl.metadata (3.9 kB)
WARNING: Cache entry deserialization failed, entry ignored
Collecting pyasn1-modules>=0.2.1 (from google-auth<2.56.0,>=2.48.1->google-auth[requests]<2.56.0,>=2.48.1->google-genai>=1.0->-r requirements.txt (line 11))
  Using cached pyasn1_modules-0.4.2-py3-none-any.whl.metadata (3.5 kB)
WARNING: Cache entry deserialization failed, entry ignored
Collecting cryptography>=38.0.3 (from google-auth<2.56.0,>=2.48.1->google-auth[requests]<2.56.0,>=2.48.1->google-genai>=1.0->-r requirements.txt (line 11))
  Using cached cryptography-49.0.0-cp311-abi3-macosx_11_0_arm64.whl.metadata (4.3 kB)
WARNING: Cache entry deserialization failed, entry ignored
Collecting httpcore==1.* (from httpx<1.0.0,>=0.28.1->google-genai>=1.0->-r requirements.txt (line 11))
  Using cached httpcore-1.0.9-py3-none-any.whl.metadata (21 kB)
Requirement already satisfied: h11>=0.16 in /Users/shreyasdivekar/myenv/lib/python3.14/site-packages (from httpcore==1.*->httpx<1.0.0,>=0.28.1->google-genai>=1.0->-r requirements.txt (line 11)) (0.16.0)
WARNING: Cache entry deserialization failed, entry ignored
Collecting annotated-types>=0.6.0 (from pydantic<3.0.0,>=2.12.5->google-genai>=1.0->-r requirements.txt (line 11))
  Using cached annotated_types-0.7.0-py3-none-any.whl.metadata (15 kB)
WARNING: Cache entry deserialization failed, entry ignored
Collecting pydantic-core==2.46.4 (from pydantic<3.0.0,>=2.12.5->google-genai>=1.0->-r requirements.txt (line 11))
  Using cached pydantic_core-2.46.4-cp314-cp314-macosx_11_0_arm64.whl.metadata (6.6 kB)
WARNING: Cache entry deserialization failed, entry ignored
Collecting typing-inspection>=0.4.2 (from pydantic<3.0.0,>=2.12.5->google-genai>=1.0->-r requirements.txt (line 11))
  Using cached typing_inspection-0.4.2-py3-none-any.whl.metadata (2.6 kB)
WARNING: Cache entry deserialization failed, entry ignored
Collecting cffi>=2.0.0 (from cryptography>=38.0.3->google-auth<2.56.0,>=2.48.1->google-auth[requests]<2.56.0,>=2.48.1->google-genai>=1.0->-r requirements.txt (line 11))
  Using cached cffi-2.1.0-cp314-cp314-macosx_11_0_arm64.whl.metadata (2.5 kB)
WARNING: Cache entry deserialization failed, entry ignored
Collecting pycparser (from cffi>=2.0.0->cryptography>=38.0.3->google-auth<2.56.0,>=2.48.1->google-auth[requests]<2.56.0,>=2.48.1->google-genai>=1.0->-r requirements.txt (line 11))
  Using cached pycparser-3.0-py3-none-any.whl.metadata (8.2 kB)
Requirement already satisfied: MarkupSafe>=2.0 in /Users/shreyasdivekar/myenv/lib/python3.14/site-packages (from jinja2>=2.10.1->pydeck>=0.8->-r requirements.txt (line 7)) (3.0.3)
Requirement already satisfied: attrs>=22.2.0 in /Users/shreyasdivekar/myenv/lib/python3.14/site-packages (from jsonschema>=3.0->altair!=5.4.0,!=5.4.1,<7,>=4.0->streamlit>=1.32->-r requirements.txt (line 1)) (26.1.0)
Requirement already satisfied: jsonschema-specifications>=2023.03.6 in /Users/shreyasdivekar/myenv/lib/python3.14/site-packages (from jsonschema>=3.0->altair!=5.4.0,!=5.4.1,<7,>=4.0->streamlit>=1.32->-r requirements.txt (line 1)) (2025.9.1)
Requirement already satisfied: referencing>=0.28.4 in /Users/shreyasdivekar/myenv/lib/python3.14/site-packages (from jsonschema>=3.0->altair!=5.4.0,!=5.4.1,<7,>=4.0->streamlit>=1.32->-r requirements.txt (line 1)) (0.37.0)
Requirement already satisfied: rpds-py>=0.25.0 in /Users/shreyasdivekar/myenv/lib/python3.14/site-packages (from jsonschema>=3.0->altair!=5.4.0,!=5.4.1,<7,>=4.0->streamlit>=1.32->-r requirements.txt (line 1)) (2026.6.3)
WARNING: Cache entry deserialization failed, entry ignored
Collecting pyasn1<0.7.0,>=0.6.1 (from pyasn1-modules>=0.2.1->google-auth<2.56.0,>=2.48.1->google-auth[requests]<2.56.0,>=2.48.1->google-genai>=1.0->-r requirements.txt (line 11))
  Using cached pyasn1-0.6.4-py3-none-any.whl.metadata (8.4 kB)
Requirement already satisfied: six>=1.5 in /Users/shreyasdivekar/myenv/lib/python3.14/site-packages (from python-dateutil>=2.8.2->pandas>=2.0->-r requirements.txt (line 2)) (1.17.0)
Using cached duckdb-1.5.4-cp314-cp314-macosx_11_0_arm64.whl (15.5 MB)
Downloading google_genai-2.12.0-py3-none-any.whl (1.0 MB)
   ━━━━━━━━━━━━━━━━━━━━━━━━━━━━━━━━━━━━━━━━ 1.0/1.0 MB 23.4 MB/s  0:00:00
Using cached distro-1.9.0-py3-none-any.whl (20 kB)
Using cached google_auth-2.55.2-py3-none-any.whl (256 kB)
Using cached httpx-0.28.1-py3-none-any.whl (73 kB)
Using cached httpcore-1.0.9-py3-none-any.whl (78 kB)
Using cached pydantic-2.13.4-py3-none-any.whl (472 kB)
Using cached pydantic_core-2.46.4-cp314-cp314-macosx_11_0_arm64.whl (2.0 MB)
Using cached annotated_types-0.7.0-py3-none-any.whl (13 kB)
Using cached cryptography-49.0.0-cp311-abi3-macosx_11_0_arm64.whl (4.0 MB)
Using cached cffi-2.1.0-cp314-cp314-macosx_11_0_arm64.whl (184 kB)
Using cached pyasn1_modules-0.4.2-py3-none-any.whl (181 kB)
Using cached pyasn1-0.6.4-py3-none-any.whl (84 kB)
Using cached typing_inspection-0.4.2-py3-none-any.whl (14 kB)
Using cached pycparser-3.0-py3-none-any.whl (48 kB)
Using cached sniffio-1.3.1-py3-none-any.whl (10 kB)
Installing collected packages: typing-inspection, sniffio, pydantic-core, pycparser, pyasn1, httpcore, duckdb, distro, annotated-types, pydantic, pyasn1-modules, httpx, cffi, cryptography, google-auth, google-genai

Successfully installed annotated-types-0.7.0 cffi-2.1.0 cryptography-49.0.0 distro-1.9.0 duckdb-1.5.4 google-auth-2.55.2 google-genai-2.12.0 httpcore-1.0.9 httpx-0.28.1 pyasn1-0.6.4 pyasn1-modules-0.4.2 pycparser-3.0 pydantic-2.13.4 pydantic-core-2.46.4 sniffio-1.3.1 typing-inspection-0.4.2
No broken requirements found.



--- Executing blocking command at Thu Jul 16 19:20:03 2026 ---
> . "/Users/shreyasdivekar/.eigent/user_39925/spaces/space_7b703f774aeb4b22b14a4ead9081f3a1/projects/1784200136453-6949/runs/1784209667602-8236/single_agent/.venv/bin/activate" && cd '/Users/shreyasdivekar/Documents/ai-based miltary intelleigence' && kill 46705 2>/dev/null || true; sleep 2; nohup /Users/shreyasdivekar/myenv/bin/streamlit run app.py --server.headless true --server.port 8501 --browser.gatherUsageStats false > /tmp/military_intelligence_streamlit.log 2>&1 & echo $!
--- Output ---
67052



--- Executing blocking command at Thu Jul 16 19:20:12 2026 ---
> . "/Users/shreyasdivekar/.eigent/user_39925/spaces/space_7b703f774aeb4b22b14a4ead9081f3a1/projects/1784200136453-6949/runs/1784209667602-8236/single_agent/.venv/bin/activate" && sleep 4; curl -sS --max-time 5 -i http://localhost:8501/_stcore/health; echo; echo '--- log ---'; cat /tmp/military_intelligence_streamlit.log
--- Output ---
HTTP/1.1 200 OK
date: Thu, 16 Jul 2026 13:50:16 GMT
server: uvicorn
content-length: 2
content-type: text/plain; charset=utf-8
cache-control: no-cache
set-cookie: _streamlit_xsrf=2|04893d16|85c9db4879c76aa04495723a70f050e9|1784209816; Path=/; SameSite=Lax

ok
--- log ---
2026-07-16 19:20:09.789 Uvicorn server started on :::8501

  You can now view your Streamlit app in your browser.

  Local URL: http://localhost:8501
  Network URL: http://192.168.29.203:8501
  External URL: http://49.36.105.83:8501

  For better performance, install the Watchdog module:

  $ xcode-select --install
  $ pip install watchdog
            



--- Executing blocking command at Thu Jul 16 19:20:17 2026 ---
> . "/Users/shreyasdivekar/.eigent/user_39925/spaces/space_7b703f774aeb4b22b14a4ead9081f3a1/projects/1784200136453-6949/runs/1784209667602-8236/single_agent/.venv/bin/activate" && cd '/Users/shreyasdivekar/Documents/ai-based miltary intelleigence' && /Users/shreyasdivekar/myenv/bin/python - <<'PY'
import duckdb
from google import genai
print('duckdb', duckdb.__version__)
print('google.genai OK')
PY
/Users/shreyasdivekar/myenv/bin/python -m pytest -q
--- Output ---
duckdb 1.5.4
google.genai OK
/Users/shreyasdivekar/myenv/bin/python: No module named pytest



